// Jest Snapshot v1, https://goo.gl/fbAQLP

exports[`simpleComponentFactory :  renders the component with props 1`] = `
<div
  class="g-form"
/>
`;
